0:0:0:0:0:0:0:1 - - [02/Jul/2025:06:44:25 -0500] "POST /webappform/register HTTP/1.1" 200 3225
0:0:0:0:0:0:0:1 - - [02/Jul/2025:06:44:26 -0500] "POST /webappform/register HTTP/1.1" 200 3225
127.0.0.1 - admin [02/Jul/2025:15:58:20 -0500] "PUT /manager/text/deploy?path=%2FwebappHeaders&update=true HTTP/1.1" 200 71
0:0:0:0:0:0:0:1 - - [02/Jul/2025:15:58:22 -0500] "GET /webappHeaders HTTP/1.1" 302 -
0:0:0:0:0:0:0:1 - - [02/Jul/2025:15:58:22 -0500] "GET /webappHeaders/ HTTP/1.1" 404 770
0:0:0:0:0:0:0:1 - - [02/Jul/2025:15:58:38 -0500] "GET /webappHeaders/ HTTP/1.1" 404 770
0:0:0:0:0:0:0:1 - - [02/Jul/2025:15:58:39 -0500] "GET /webappHeaders/ HTTP/1.1" 404 770
0:0:0:0:0:0:0:1 - - [02/Jul/2025:15:58:39 -0500] "GET /webappHeaders/ HTTP/1.1" 404 770
0:0:0:0:0:0:0:1 - - [02/Jul/2025:15:58:39 -0500] "GET /webappHeaders/ HTTP/1.1" 404 770
0:0:0:0:0:0:0:1 - - [02/Jul/2025:15:58:40 -0500] "GET /webappHeaders/ HTTP/1.1" 404 770
0:0:0:0:0:0:0:1 - - [02/Jul/2025:15:58:40 -0500] "GET /webappHeaders/ HTTP/1.1" 404 770
0:0:0:0:0:0:0:1 - - [02/Jul/2025:15:58:40 -0500] "GET /webappHeaders/ HTTP/1.1" 404 770
0:0:0:0:0:0:0:1 - - [02/Jul/2025:15:58:42 -0500] "GET /webappHeaders HTTP/1.1" 302 -
0:0:0:0:0:0:0:1 - - [02/Jul/2025:15:58:42 -0500] "GET /webappHeaders/ HTTP/1.1" 404 770
0:0:0:0:0:0:0:1 - - [02/Jul/2025:15:58:59 -0500] "GET /webappHeaders/header-request HTTP/1.1" 500 395
127.0.0.1 - admin [02/Jul/2025:16:02:13 -0500] "PUT /manager/text/deploy?path=%2FwebappHeaders&update=true HTTP/1.1" 200 71
0:0:0:0:0:0:0:1 - - [02/Jul/2025:16:02:16 -0500] "GET /webappHeaders/header-request HTTP/1.1" 500 484
127.0.0.1 - - [02/Jul/2025:16:03:47 -0500] "GET /webappHeaders/header-request HTTP/1.1" 500 478
127.0.0.1 - - [02/Jul/2025:16:03:47 -0500] "GET /favicon.ico HTTP/1.1" 200 21630
127.0.0.1 - admin [02/Jul/2025:16:05:58 -0500] "PUT /manager/text/deploy?path=%2FwebappHeaders&update=true HTTP/1.1" 200 71
0:0:0:0:0:0:0:1 - - [02/Jul/2025:16:06:16 -0500] "GET /webappHeaders/header-request HTTP/1.1" 500 520
127.0.0.1 - admin [02/Jul/2025:16:06:16 -0500] "PUT /manager/text/deploy?path=%2FwebappHeaders&update=true HTTP/1.1" 200 71
0:0:0:0:0:0:0:1 - - [02/Jul/2025:16:06:24 -0500] "GET /webappHeaders/header-request HTTP/1.1" 500 527
127.0.0.1 - admin [02/Jul/2025:16:08:10 -0500] "PUT /manager/text/deploy?path=%2FwebappHeaders&update=true HTTP/1.1" 200 71
0:0:0:0:0:0:0:1 - - [02/Jul/2025:16:08:13 -0500] "GET /webappHeaders/header-request HTTP/1.1" 200 677
0:0:0:0:0:0:0:1 - - [02/Jul/2025:16:08:17 -0500] "GET /webappHeaders/header-request HTTP/1.1" 200 677
127.0.0.1 - - [02/Jul/2025:16:08:21 -0500] "GET /webappHeaders/header-request HTTP/1.1" 200 665
127.0.0.1 - - [02/Jul/2025:16:08:21 -0500] "GET /favicon.ico HTTP/1.1" 200 8192
127.0.0.1 - - [02/Jul/2025:16:08:24 -0500] "GET /webappHeaders/header-request HTTP/1.1" 200 665
127.0.0.1 - - [02/Jul/2025:16:08:24 -0500] "GET /favicon.ico HTTP/1.1" 200 21630
127.0.0.1 - - [02/Jul/2025:16:08:31 -0500] "GET /webappHeaders/header-request HTTP/1.1" 200 665
0:0:0:0:0:0:0:1 - - [02/Jul/2025:16:10:49 -0500] "GET /webappHeaders/header-request HTTP/1.1" 200 677
127.0.0.1 - admin [02/Jul/2025:16:10:49 -0500] "PUT /manager/text/deploy?path=%2FwebappHeaders&update=true HTTP/1.1" 200 71
0:0:0:0:0:0:0:1 - - [02/Jul/2025:16:10:50 -0500] "GET /webappHeaders/header-request HTTP/1.1" 200 714
127.0.0.1 - - [02/Jul/2025:16:11:07 -0500] "GET /webappHeaders/header-request HTTP/1.1" 200 696
0:0:0:0:0:0:0:1 - - [02/Jul/2025:16:16:01 -0500] "GET /webappHeaders/header-request HTTP/1.1" 200 714
127.0.0.1 - admin [02/Jul/2025:16:16:02 -0500] "PUT /manager/text/deploy?path=%2FwebappHeaders&update=true HTTP/1.1" 200 71
0:0:0:0:0:0:0:1 - - [02/Jul/2025:17:37:13 -0500] "GET /webappHeaders/header-request HTTP/1.1" 200 1624
127.0.0.1 - admin [02/Jul/2025:17:37:19 -0500] "PUT /manager/text/deploy?path=%2FwebappHeaders&update=true HTTP/1.1" 200 71
127.0.0.1 - admin [02/Jul/2025:17:38:42 -0500] "PUT /manager/text/deploy?path=%2FwebappHeaders&update=true HTTP/1.1" 200 71
127.0.0.1 - admin [02/Jul/2025:17:38:50 -0500] "PUT /manager/text/deploy?path=%2FwebappHeaders&update=true HTTP/1.1" 200 71
0:0:0:0:0:0:0:1 - - [02/Jul/2025:17:38:51 -0500] "GET /webappHeaders HTTP/1.1" 302 -
0:0:0:0:0:0:0:1 - - [02/Jul/2025:17:38:51 -0500] "GET /webappHeaders/ HTTP/1.1" 404 770
0:0:0:0:0:0:0:1 - - [02/Jul/2025:17:38:53 -0500] "GET /webappHeaders/ HTTP/1.1" 404 770
0:0:0:0:0:0:0:1 - - [02/Jul/2025:17:38:54 -0500] "GET /webappHeaders/ HTTP/1.1" 404 770
0:0:0:0:0:0:0:1 - - [02/Jul/2025:17:38:54 -0500] "GET /webappHeaders/ HTTP/1.1" 404 770
0:0:0:0:0:0:0:1 - - [02/Jul/2025:17:38:54 -0500] "GET /webappHeaders/ HTTP/1.1" 404 770
0:0:0:0:0:0:0:1 - - [02/Jul/2025:17:38:55 -0500] "GET /webappHeaders/ HTTP/1.1" 404 770
0:0:0:0:0:0:0:1 - - [02/Jul/2025:17:38:55 -0500] "GET /webappHeaders/ HTTP/1.1" 404 770
0:0:0:0:0:0:0:1 - - [02/Jul/2025:17:38:55 -0500] "GET /webappHeaders/ HTTP/1.1" 404 770
0:0:0:0:0:0:0:1 - - [02/Jul/2025:17:38:55 -0500] "GET /webappHeaders/ HTTP/1.1" 404 770
0:0:0:0:0:0:0:1 - - [02/Jul/2025:17:38:55 -0500] "GET /webappHeaders/ HTTP/1.1" 404 770
0:0:0:0:0:0:0:1 - - [02/Jul/2025:17:39:12 -0500] "GET /webappHeaders HTTP/1.1" 302 -
0:0:0:0:0:0:0:1 - - [02/Jul/2025:17:39:12 -0500] "GET /webappHeaders/ HTTP/1.1" 404 770
0:0:0:0:0:0:0:1 - - [02/Jul/2025:17:39:16 -0500] "GET /manager/ HTTP/1.1" 302 -
0:0:0:0:0:0:0:1 - - [02/Jul/2025:17:39:16 -0500] "GET /manager/html HTTP/1.1" 401 2562
0:0:0:0:0:0:0:1 - admin [02/Jul/2025:17:39:17 -0500] "GET /manager/html HTTP/1.1" 200 23923
0:0:0:0:0:0:0:1 - - [02/Jul/2025:17:39:17 -0500] "GET /manager/css/manager.css HTTP/1.1" 200 2946
0:0:0:0:0:0:0:1 - - [02/Jul/2025:17:39:20 -0500] "GET /webappHeaders/ HTTP/1.1" 404 770
127.0.0.1 - admin [02/Jul/2025:17:39:34 -0500] "PUT /manager/text/deploy?path=%2FwebappHeaders&update=true HTTP/1.1" 200 71
0:0:0:0:0:0:0:1 - - [02/Jul/2025:17:39:36 -0500] "GET /webappHeaders/ HTTP/1.1" 404 770
0:0:0:0:0:0:0:1 - - [02/Jul/2025:17:39:36 -0500] "GET /webappHeaders/ HTTP/1.1" 404 770
0:0:0:0:0:0:0:1 - - [02/Jul/2025:17:39:37 -0500] "GET /webappHeaders/ HTTP/1.1" 404 770
0:0:0:0:0:0:0:1 - - [02/Jul/2025:17:39:37 -0500] "GET /webappHeaders/ HTTP/1.1" 404 770
0:0:0:0:0:0:0:1 - - [02/Jul/2025:17:39:37 -0500] "GET /webappHeaders/ HTTP/1.1" 404 770
0:0:0:0:0:0:0:1 - - [02/Jul/2025:17:39:37 -0500] "GET /webappHeaders/ HTTP/1.1" 404 770
127.0.0.1 - admin [02/Jul/2025:17:39:57 -0500] "PUT /manager/text/deploy?path=%2FwebappHeaders&update=true HTTP/1.1" 200 71
0:0:0:0:0:0:0:1 - - [02/Jul/2025:17:39:58 -0500] "GET /webappHeaders/ HTTP/1.1" 200 240
0:0:0:0:0:0:0:1 - - [02/Jul/2025:17:40:00 -0500] "GET /header-request HTTP/1.1" 404 766
0:0:0:0:0:0:0:1 - - [02/Jul/2025:17:40:20 -0500] "GET /webappHeaders/ HTTP/1.1" 304 -
127.0.0.1 - admin [02/Jul/2025:17:40:20 -0500] "PUT /manager/text/deploy?path=%2FwebappHeaders&update=true HTTP/1.1" 200 71
0:0:0:0:0:0:0:1 - - [02/Jul/2025:17:40:21 -0500] "GET /webappHeaders/ HTTP/1.1" 200 254
0:0:0:0:0:0:0:1 - - [02/Jul/2025:17:40:22 -0500] "GET /webappHeaders/header-request HTTP/1.1" 200 1698
127.0.0.1 - admin [02/Jul/2025:17:52:49 -0500] "PUT /manager/text/deploy?path=%2FwebappHeaders&update=true HTTP/1.1" 200 101
0:0:0:0:0:0:0:1 - - [02/Jul/2025:17:52:52 -0500] "GET /webappHeaders/ HTTP/1.1" 404 770
0:0:0:0:0:0:0:1 - - [02/Jul/2025:17:52:53 -0500] "GET /webappHeaders/ HTTP/1.1" 404 770
127.0.0.1 - admin [02/Jul/2025:17:53:17 -0500] "PUT /manager/text/deploy?path=%2FwebappHeaders&update=true HTTP/1.1" 200 71
0:0:0:0:0:0:0:1 - - [02/Jul/2025:17:53:19 -0500] "GET /webappHeaders/ HTTP/1.1" 200 254
0:0:0:0:0:0:0:1 - - [02/Jul/2025:17:53:20 -0500] "GET /webappHeaders/header-request HTTP/1.1" 200 1698
0:0:0:0:0:0:0:1 - - [02/Jul/2025:17:53:29 -0500] "GET /webappHeaders/product.xls HTTP/1.1" 200 874
127.0.0.1 - admin [02/Jul/2025:17:59:24 -0500] "PUT /manager/text/deploy?path=%2FwebappHeaders&update=true HTTP/1.1" 200 71
0:0:0:0:0:0:0:1 - - [02/Jul/2025:17:59:25 -0500] "GET /webappHeaders/product.xls HTTP/1.1" 200 684
0:0:0:0:0:0:0:1 - - [02/Jul/2025:17:59:32 -0500] "GET /webappHeaders/product.html HTTP/1.1" 200 928
127.0.0.1 - admin [02/Jul/2025:18:06:45 -0500] "PUT /manager/text/deploy?path=%2FwebappHeaders&update=true HTTP/1.1" 200 71
0:0:0:0:0:0:0:1 - - [02/Jul/2025:18:06:46 -0500] "GET /webappHeaders/product.html HTTP/1.1" 200 984
0:0:0:0:0:0:0:1 - - [02/Jul/2025:18:06:47 -0500] "GET /webappHeaders/product.json HTTP/1.1" 200 198
127.0.0.1 - - [02/Jul/2025:18:07:17 -0500] "GET /webappHeaders/product.html HTTP/1.1" 200 984
127.0.0.1 - - [02/Jul/2025:18:07:17 -0500] "GET /favicon.ico HTTP/1.1" 200 8192
127.0.0.1 - - [02/Jul/2025:18:07:19 -0500] "GET /webappHeaders/product.json HTTP/1.1" 200 198
127.0.0.1 - - [02/Jul/2025:18:07:19 -0500] "GET /favicon.ico HTTP/1.1" 200 21630
127.0.0.1 - admin [02/Jul/2025:18:15:05 -0500] "PUT /manager/text/deploy?path=%2FwebappHeaders&update=true HTTP/1.1" 200 71
0:0:0:0:0:0:0:1 - - [02/Jul/2025:18:22:14 -0500] "GET /webappHeaders/product.json HTTP/1.1" 200 198
0:0:0:0:0:0:0:1 - - [02/Jul/2025:18:22:18 -0500] "POST /webappHeaders/product.json HTTP/1.1" 500 1688
0:0:0:0:0:0:0:1 - - [02/Jul/2025:18:22:37 -0500] "GET /webappHeaders/product.json HTTP/1.1" 200 198
0:0:0:0:0:0:0:1 - - [02/Jul/2025:18:23:04 -0500] "POST /webappHeaders/product.json HTTP/1.1" 500 2520
0:0:0:0:0:0:0:1 - - [02/Jul/2025:18:23:16 -0500] "POST /webappHeaders/product.json HTTP/1.1" 200 443
127.0.0.1 - admin [02/Jul/2025:18:42:04 -0500] "PUT /manager/text/deploy?path=%2FwebappHeaders&update=true HTTP/1.1" 200 71
0:0:0:0:0:0:0:1 - - [02/Jul/2025:18:42:04 -0500] "GET /webappHeaders/ HTTP/1.1" 200 445
0:0:0:0:0:0:0:1 - - [02/Jul/2025:18:42:05 -0500] "GET /webappHeaders/ HTTP/1.1" 304 -
0:0:0:0:0:0:0:1 - - [02/Jul/2025:18:42:06 -0500] "GET /webappHeaders/ HTTP/1.1" 304 -
0:0:0:0:0:0:0:1 - - [02/Jul/2025:18:42:06 -0500] "GET /webappHeaders/ HTTP/1.1" 304 -
0:0:0:0:0:0:0:1 - - [02/Jul/2025:18:42:06 -0500] "GET /webappHeaders/ HTTP/1.1" 304 -
127.0.0.1 - admin [02/Jul/2025:18:42:29 -0500] "PUT /manager/text/deploy?path=%2FwebappHeaders&update=true HTTP/1.1" 200 71
0:0:0:0:0:0:0:1 - - [02/Jul/2025:18:42:30 -0500] "GET /webappHeaders/ HTTP/1.1" 200 439
0:0:0:0:0:0:0:1 - - [02/Jul/2025:18:42:31 -0500] "GET /webappHeaders/product.html HTTP/1.1" 200 984
0:0:0:0:0:0:0:1 - - [02/Jul/2025:18:42:34 -0500] "GET /webappHeaders/dispacher.xls HTTP/1.1" 404 783
0:0:0:0:0:0:0:1 - - [02/Jul/2025:18:42:44 -0500] "GET /webappHeaders/ HTTP/1.1" 304 -
0:0:0:0:0:0:0:1 - - [02/Jul/2025:18:42:45 -0500] "GET /webappHeaders/ HTTP/1.1" 304 -
0:0:0:0:0:0:0:1 - - [02/Jul/2025:18:42:45 -0500] "GET /webappHeaders/ HTTP/1.1" 304 -
0:0:0:0:0:0:0:1 - - [02/Jul/2025:18:42:45 -0500] "GET /webappHeaders/ HTTP/1.1" 304 -
0:0:0:0:0:0:0:1 - - [02/Jul/2025:18:42:45 -0500] "GET /webappHeaders/ HTTP/1.1" 304 -
127.0.0.1 - admin [02/Jul/2025:18:42:46 -0500] "PUT /manager/text/deploy?path=%2FwebappHeaders&update=true HTTP/1.1" 200 71
0:0:0:0:0:0:0:1 - - [02/Jul/2025:18:42:47 -0500] "GET /webappHeaders/ HTTP/1.1" 200 435
0:0:0:0:0:0:0:1 - - [02/Jul/2025:18:42:47 -0500] "GET /webappHeaders/ HTTP/1.1" 304 -
0:0:0:0:0:0:0:1 - - [02/Jul/2025:18:42:47 -0500] "GET /webappHeaders/ HTTP/1.1" 304 -
0:0:0:0:0:0:0:1 - - [02/Jul/2025:18:42:47 -0500] "GET /webappHeaders/ HTTP/1.1" 304 -
0:0:0:0:0:0:0:1 - - [02/Jul/2025:18:42:48 -0500] "GET /webappHeaders/product.html HTTP/1.1" 200 984
0:0:0:0:0:0:0:1 - - [02/Jul/2025:18:42:50 -0500] "GET /webappHeaders/dispacher HTTP/1.1" 200 984
127.0.0.1 - - [02/Jul/2025:18:57:08 -0500] "GET /webappHeaders/product.json HTTP/1.1" 200 198
